C:\Users\harJD\Downloads\Studies\ENSAT\GINF2\C#\Projet_Ghailani_C#\Unprompted\Backend\Application\Interfaces\IGroupeService.cs(1,23): error CS1002: ; expected [C:\Users\harJD\Downloads\Studies\ENSAT\GINF2\C#\Projet_Ghailani_C#\Unprompted\Backend\Application\Application.csproj]
C:\Users\harJD\Downloads\Studies\ENSAT\GINF2\C#\Projet_Ghailani_C#\Unprompted\Backend\Application\Services\AdminService.cs(3,22): error CS1002: ; expected [C:\Users\harJD\Downloads\Studies\ENSAT\GINF2\C#\Projet_Ghailani_C#\Unprompted\Backend\Application\Application.csproj]
C:\Users\harJD\Downloads\Studies\ENSAT\GINF2\C#\Projet_Ghailani_C#\Unprompted\Backend\API\Controllers\AdminController.cs(1,7): error CS0246: The type or namespace name 'Application' could not be found (are you missing a using directive or an assembly reference?) [C:\Users\harJD\Downloads\Studies\ENSAT\GINF2\C#\Projet_Ghailani_C#\Unprompted\Backend\API\API.csproj]
C:\Users\harJD\Downloads\Studies\ENSAT\GINF2\C#\Projet_Ghailani_C#\Unprompted\Backend\API\Controllers\AdminController.cs(2,7): error CS0246: The type or namespace name 'Application' could not be found (are you missing a using directive or an assembly reference?) [C:\Users\harJD\Downloads\Studies\ENSAT\GINF2\C#\Projet_Ghailani_C#\Unprompted\Backend\API\API.csproj]
C:\Users\harJD\Downloads\Studies\ENSAT\GINF2\C#\Projet_Ghailani_C#\Unprompted\Backend\API\Controllers\AffectationController.cs(1,7): error CS0246: The type or namespace name 'Application' could not be found (are you missing a using directive or an assembly reference?) [C:\Users\harJD\Downloads\Studies\ENSAT\GINF2\C#\Projet_Ghailani_C#\Unprompted\Backend\API\API.csproj]
C:\Users\harJD\Downloads\Studies\ENSAT\GINF2\C#\Projet_Ghailani_C#\Unprompted\Backend\API\Controllers\AffectationController.cs(2,7): error CS0246: The type or namespace name 'Application' could not be found (are you missing a using directive or an assembly reference?) [C:\Users\harJD\Downloads\Studies\ENSAT\GINF2\C#\Projet_Ghailani_C#\Unprompted\Backend\API\API.csproj]
C:\Users\harJD\Downloads\Studies\ENSAT\GINF2\C#\Projet_Ghailani_C#\Unprompted\Backend\API\Controllers\ClasseController.cs(1,7): error CS0246: The type or namespace name 'Application' could not be found (are you missing a using directive or an assembly reference?) [C:\Users\harJD\Downloads\Studies\ENSAT\GINF2\C#\Projet_Ghailani_C#\Unprompted\Backend\API\API.csproj]
C:\Users\harJD\Downloads\Studies\ENSAT\GINF2\C#\Projet_Ghailani_C#\Unprompted\Backend\API\Controllers\ClasseController.cs(2,7): error CS0246: The type or namespace name 'Application' could not be found (are you missing a using directive or an assembly reference?) [C:\Users\harJD\Downloads\Studies\ENSAT\GINF2\C#\Projet_Ghailani_C#\Unprompted\Backend\API\API.csproj]
C:\Users\harJD\Downloads\Studies\ENSAT\GINF2\C#\Projet_Ghailani_C#\Unprompted\Backend\API\Controllers\EnseignantController.cs(1,7): error CS0246: The type or namespace name 'Application' could not be found (are you missing a using directive or an assembly reference?) [C:\Users\harJD\Downloads\Studies\ENSAT\GINF2\C#\Projet_Ghailani_C#\Unprompted\Backend\API\API.csproj]
C:\Users\harJD\Downloads\Studies\ENSAT\GINF2\C#\Projet_Ghailani_C#\Unprompted\Backend\API\Controllers\EnseignantController.cs(2,7): error CS0246: The type or namespace name 'Application' could not be found (are you missing a using directive or an assembly reference?) [C:\Users\harJD\Downloads\Studies\ENSAT\GINF2\C#\Projet_Ghailani_C#\Unprompted\Backend\API\API.csproj]
C:\Users\harJD\Downloads\Studies\ENSAT\GINF2\C#\Projet_Ghailani_C#\Unprompted\Backend\API\Controllers\EtudiantController.cs(1,7): error CS0246: The type or namespace name 'Application' could not be found (are you missing a using directive or an assembly reference?) [C:\Users\harJD\Downloads\Studies\ENSAT\GINF2\C#\Projet_Ghailani_C#\Unprompted\Backend\API\API.csproj]
C:\Users\harJD\Downloads\Studies\ENSAT\GINF2\C#\Projet_Ghailani_C#\Unprompted\Backend\API\Controllers\EtudiantController.cs(2,7): error CS0246: The type or namespace name 'Application' could not be found (are you missing a using directive or an assembly reference?) [C:\Users\harJD\Downloads\Studies\ENSAT\GINF2\C#\Projet_Ghailani_C#\Unprompted\Backend\API\API.csproj]
C:\Users\harJD\Downloads\Studies\ENSAT\GINF2\C#\Projet_Ghailani_C#\Unprompted\Backend\API\Controllers\GroupeController.cs(1,7): error CS0246: The type or namespace name 'Application' could not be found (are you missing a using directive or an assembly reference?) [C:\Users\harJD\Downloads\Studies\ENSAT\GINF2\C#\Projet_Ghailani_C#\Unprompted\Backend\API\API.csproj]
C:\Users\harJD\Downloads\Studies\ENSAT\GINF2\C#\Projet_Ghailani_C#\Unprompted\Backend\API\Controllers\GroupeController.cs(2,7): error CS0246: The type or namespace name 'Application' could not be found (are you missing a using directive or an assembly reference?) [C:\Users\harJD\Downloads\Studies\ENSAT\GINF2\C#\Projet_Ghailani_C#\Unprompted\Backend\API\API.csproj]
C:\Users\harJD\Downloads\Studies\ENSAT\GINF2\C#\Projet_Ghailani_C#\Unprompted\Backend\API\Program.cs(2,17): error CS0234: The type or namespace name 'EntityFrameworkCore' does not exist in the namespace 'Microsoft' (are you missing an assembly reference?) [C:\Users\harJD\Downloads\Studies\ENSAT\GINF2\C#\Projet_Ghailani_C#\Unprompted\Backend\API\API.csproj]
C:\Users\harJD\Downloads\Studies\ENSAT\GINF2\C#\Projet_Ghailani_C#\Unprompted\Backend\API\Program.cs(4,7): error CS0246: The type or namespace name 'Infrastructure' could not be found (are you missing a using directive or an assembly reference?) [C:\Users\harJD\Downloads\Studies\ENSAT\GINF2\C#\Projet_Ghailani_C#\Unprompted\Backend\API\API.csproj]
C:\Users\harJD\Downloads\Studies\ENSAT\GINF2\C#\Projet_Ghailani_C#\Unprompted\Backend\API\Program.cs(5,7): error CS0246: The type or namespace name 'Application' could not be found (are you missing a using directive or an assembly reference?) [C:\Users\harJD\Downloads\Studies\ENSAT\GINF2\C#\Projet_Ghailani_C#\Unprompted\Backend\API\API.csproj]
C:\Users\harJD\Downloads\Studies\ENSAT\GINF2\C#\Projet_Ghailani_C#\Unprompted\Backend\API\Program.cs(6,7): error CS0246: The type or namespace name 'Infrastructure' could not be found (are you missing a using directive or an assembly reference?) [C:\Users\harJD\Downloads\Studies\ENSAT\GINF2\C#\Projet_Ghailani_C#\Unprompted\Backend\API\API.csproj]
C:\Users\harJD\Downloads\Studies\ENSAT\GINF2\C#\Projet_Ghailani_C#\Unprompted\Backend\API\Controllers\AffectationController.cs(20,66): error CS0246: The type or namespace name 'AffectationRequestDto' could not be found (are you missing a using directive or an assembly reference?) [C:\Users\harJD\Downloads\Studies\ENSAT\GINF2\C#\Projet_Ghailani_C#\Unprompted\Backend\API\API.csproj]
C:\Users\harJD\Downloads\Studies\ENSAT\GINF2\C#\Projet_Ghailani_C#\Unprompted\Backend\API\Controllers\AdminController.cs(37,68): error CS0246: The type or namespace name 'AffectationEnseignantRequestDto' could not be found (are you missing a using directive or an assembly reference?) [C:\Users\harJD\Downloads\Studies\ENSAT\GINF2\C#\Projet_Ghailani_C#\Unprompted\Backend\API\API.csproj]
C:\Users\harJD\Downloads\Studies\ENSAT\GINF2\C#\Projet_Ghailani_C#\Unprompted\Backend\API\Controllers\GroupeController.cs(21,48): error CS0246: The type or namespace name 'GroupeDto' could not be found (are you missing a using directive or an assembly reference?) [C:\Users\harJD\Downloads\Studies\ENSAT\GINF2\C#\Projet_Ghailani_C#\Unprompted\Backend\API\API.csproj]
C:\Users\harJD\Downloads\Studies\ENSAT\GINF2\C#\Projet_Ghailani_C#\Unprompted\Backend\API\Controllers\EtudiantController.cs(22,48): error CS0246: The type or namespace name 'EtudiantDto' could not be found (are you missing a using directive or an assembly reference?) [C:\Users\harJD\Downloads\Studies\ENSAT\GINF2\C#\Projet_Ghailani_C#\Unprompted\Backend\API\API.csproj]
C:\Users\harJD\Downloads\Studies\ENSAT\GINF2\C#\Projet_Ghailani_C#\Unprompted\Backend\API\Controllers\ClasseController.cs(22,48): error CS0246: The type or namespace name 'ClasseDto' could not be found (are you missing a using directive or an assembly reference?) [C:\Users\harJD\Downloads\Studies\ENSAT\GINF2\C#\Projet_Ghailani_C#\Unprompted\Backend\API\API.csproj]
C:\Users\harJD\Downloads\Studies\ENSAT\GINF2\C#\Projet_Ghailani_C#\Unprompted\Backend\API\Controllers\EnseignantController.cs(22,48): error CS0246: The type or namespace name 'EnseignantDto' could not be found (are you missing a using directive or an assembly reference?) [C:\Users\harJD\Downloads\Studies\ENSAT\GINF2\C#\Projet_Ghailani_C#\Unprompted\Backend\API\API.csproj]
C:\Users\harJD\Downloads\Studies\ENSAT\GINF2\C#\Projet_Ghailani_C#\Unprompted\Backend\API\Controllers\AffectationController.cs(11,22): error CS0246: The type or namespace name 'IAffectationService' could not be found (are you missing a using directive or an assembly reference?) [C:\Users\harJD\Downloads\Studies\ENSAT\GINF2\C#\Projet_Ghailani_C#\Unprompted\Backend\API\API.csproj]
C:\Users\harJD\Downloads\Studies\ENSAT\GINF2\C#\Projet_Ghailani_C#\Unprompted\Backend\API\Controllers\AdminController.cs(13,22): error CS0246: The type or namespace name 'IAdminService' could not be found (are you missing a using directive or an assembly reference?) [C:\Users\harJD\Downloads\Studies\ENSAT\GINF2\C#\Projet_Ghailani_C#\Unprompted\Backend\API\API.csproj]
C:\Users\harJD\Downloads\Studies\ENSAT\GINF2\C#\Projet_Ghailani_C#\Unprompted\Backend\API\Controllers\GroupeController.cs(29,36): error CS0246: The type or namespace name 'GroupeDto' could not be found (are you missing a using directive or an assembly reference?) [C:\Users\harJD\Downloads\Studies\ENSAT\GINF2\C#\Projet_Ghailani_C#\Unprompted\Backend\API\API.csproj]
C:\Users\harJD\Downloads\Studies\ENSAT\GINF2\C#\Projet_Ghailani_C#\Unprompted\Backend\API\Controllers\EtudiantController.cs(30,64): error CS0246: The type or namespace name 'EtudiantCreateDto' could not be found (are you missing a using directive or an assembly reference?) [C:\Users\harJD\Downloads\Studies\ENSAT\GINF2\C#\Projet_Ghailani_C#\Unprompted\Backend\API\API.csproj]
C:\Users\harJD\Downloads\Studies\ENSAT\GINF2\C#\Projet_Ghailani_C#\Unprompted\Backend\API\Controllers\ClasseController.cs(13,22): error CS0246: The type or namespace name 'IClasseService' could not be found (are you missing a using directive or an assembly reference?) [C:\Users\harJD\Downloads\Studies\ENSAT\GINF2\C#\Projet_Ghailani_C#\Unprompted\Backend\API\API.csproj]
C:\Users\harJD\Downloads\Studies\ENSAT\GINF2\C#\Projet_Ghailani_C#\Unprompted\Backend\API\Controllers\EnseignantController.cs(30,66): error CS0246: The type or namespace name 'EnseignantCreateDto' could not be found (are you missing a using directive or an assembly reference?) [C:\Users\harJD\Downloads\Studies\ENSAT\GINF2\C#\Projet_Ghailani_C#\Unprompted\Backend\API\API.csproj]
C:\Users\harJD\Downloads\Studies\ENSAT\GINF2\C#\Projet_Ghailani_C#\Unprompted\Backend\API\Controllers\AffectationController.cs(13,34): error CS0246: The type or namespace name 'IAffectationService' could not be found (are you missing a using directive or an assembly reference?) [C:\Users\harJD\Downloads\Studies\ENSAT\GINF2\C#\Projet_Ghailani_C#\Unprompted\Backend\API\API.csproj]
C:\Users\harJD\Downloads\Studies\ENSAT\GINF2\C#\Projet_Ghailani_C#\Unprompted\Backend\API\Controllers\AdminController.cs(15,28): error CS0246: The type or namespace name 'IAdminService' could not be found (are you missing a using directive or an assembly reference?) [C:\Users\harJD\Downloads\Studies\ENSAT\GINF2\C#\Projet_Ghailani_C#\Unprompted\Backend\API\API.csproj]
C:\Users\harJD\Downloads\Studies\ENSAT\GINF2\C#\Projet_Ghailani_C#\Unprompted\Backend\API\Controllers\GroupeController.cs(11,22): error CS0246: The type or namespace name 'IGroupeService' could not be found (are you missing a using directive or an assembly reference?) [C:\Users\harJD\Downloads\Studies\ENSAT\GINF2\C#\Projet_Ghailani_C#\Unprompted\Backend\API\API.csproj]
C:\Users\harJD\Downloads\Studies\ENSAT\GINF2\C#\Projet_Ghailani_C#\Unprompted\Backend\API\Controllers\EtudiantController.cs(13,22): error CS0246: The type or namespace name 'IEtudiantService' could not be found (are you missing a using directive or an assembly reference?) [C:\Users\harJD\Downloads\Studies\ENSAT\GINF2\C#\Projet_Ghailani_C#\Unprompted\Backend\API\API.csproj]
C:\Users\harJD\Downloads\Studies\ENSAT\GINF2\C#\Projet_Ghailani_C#\Unprompted\Backend\API\Controllers\ClasseController.cs(15,29): error CS0246: The type or namespace name 'IClasseService' could not be found (are you missing a using directive or an assembly reference?) [C:\Users\harJD\Downloads\Studies\ENSAT\GINF2\C#\Projet_Ghailani_C#\Unprompted\Backend\API\API.csproj]
C:\Users\harJD\Downloads\Studies\ENSAT\GINF2\C#\Projet_Ghailani_C#\Unprompted\Backend\API\Controllers\EnseignantController.cs(13,22): error CS0246: The type or namespace name 'IEnseignantService' could not be found (are you missing a using directive or an assembly reference?) [C:\Users\harJD\Downloads\Studies\ENSAT\GINF2\C#\Projet_Ghailani_C#\Unprompted\Backend\API\API.csproj]
C:\Users\harJD\Downloads\Studies\ENSAT\GINF2\C#\Projet_Ghailani_C#\Unprompted\Backend\API\Controllers\GroupeController.cs(14,29): error CS0246: The type or namespace name 'IGroupeService' could not be found (are you missing a using directive or an assembly reference?) [C:\Users\harJD\Downloads\Studies\ENSAT\GINF2\C#\Projet_Ghailani_C#\Unprompted\Backend\API\API.csproj]
C:\Users\harJD\Downloads\Studies\ENSAT\GINF2\C#\Projet_Ghailani_C#\Unprompted\Backend\API\Controllers\EtudiantController.cs(15,31): error CS0246: The type or namespace name 'IEtudiantService' could not be found (are you missing a using directive or an assembly reference?) [C:\Users\harJD\Downloads\Studies\ENSAT\GINF2\C#\Projet_Ghailani_C#\Unprompted\Backend\API\API.csproj]
C:\Users\harJD\Downloads\Studies\ENSAT\GINF2\C#\Projet_Ghailani_C#\Unprompted\Backend\API\Controllers\EnseignantController.cs(15,33): error CS0246: The type or namespace name 'IEnseignantService' could not be found (are you missing a using directive or an assembly reference?) [C:\Users\harJD\Downloads\Studies\ENSAT\GINF2\C#\Projet_Ghailani_C#\Unprompted\Backend\API\API.csproj]

Build FAILED.
    0 Warning(s)
    39 Error(s)

Time Elapsed 00:00:01.40
